// Jest Snapshot v1, https://goo.gl/fbAQLP

exports[`should match snapshot 1`] = `
<div
  class="page-container"
>
  <div
    class="image"
  />
   
  <div
    class="left-box-container"
  >
    <h1>
      ورود | پنج نوش
    </h1>
     
    <div
      class="form-and-text-container"
    >
      <loginform-stub />
       
      <div
        class="text"
      >
        <h3>
          خوش آمدید
        </h3>
         
        <p>
          لورم ایپسوم متن ساختگی با تولید سادگی نامفهوم از صنعت چاپ و با استفاده از طراحان گرافیک است. چاپگرها و متون بلکه روزنامه و مجله در ستون و سطرآنچنان که لازم است و برای شرایط فعلی تکنولوژی مورد نیاز و کاربردهای متنوع با هدف بهبود ابزارهای کاربردی می باشد.
        </p>
         
        <h3>
          توضیحاتی کوتاه
        </h3>
         
        <p>
          لورم ایپسوم متن ساختگی با تولید سادگی نامفهوم از صنعت چاپ و با استفاده از طراحان گرافیک است. چاپگرها و متون بلکه روزنامه و مجله در ستون و سطرآنچنان که لازم است و برای شرایط فعلی تکنولوژی مورد نیاز و کاربردهای متنوع با هدف بهبود ابزارهای کاربردی می باشد.
        </p>
      </div>
    </div>
  </div>
</div>
`;
