// Jest Snapshot v1, https://goo.gl/fbAQLP

exports[`should match snapshot 1`] = `
<form>
  <div
    class="input-group"
  >
    <baseinput-stub
      error=""
      id="name"
      type="text"
    >
      نام و نام خانوادگی
    </baseinput-stub>
     
    <baseinput-stub
      error=""
      id="email"
      type="email"
    >
      ایمیل
    </baseinput-stub>
  </div>
   
  <baseinput-stub
    error=""
    id="phone"
    type="tel"
  >
    شماره همراه
  </baseinput-stub>
   
  <baseinput-stub
    error=""
    id="address"
    type="text"
  >
    آدرس کامل
  </baseinput-stub>
   
  <baseinput-stub
    error=""
    id="postalCode"
    type="tel"
  >
    کد پستی
  </baseinput-stub>
   
  <div
    class="input-group"
  >
    <baseinput-stub
      error=""
      id="password"
      type="password"
    >
      رمز عبور
    </baseinput-stub>
     
    <baseinput-stub
      error=""
      id="password"
      type="password"
    >
      تایید رمز عبور
    </baseinput-stub>
  </div>
   
  <basebutton-stub
    class="button"
    stretched="true"
    theme="primary"
  >
    ثبت نام
  </basebutton-stub>
</form>
`;
